---
source: crates/gelx/tests/codegen.rs
expression: content
---
use ::gelx::exports as __g;
#[derive(
    Clone,
    Debug,
    Copy,
    __g::serde::Serialize,
    __g::serde::Deserialize,
    __g::gel_derive::Queryable,
    __g::strum::AsRefStr,
    __g::strum::Display,
    __g::strum::EnumString,
    __g::strum::EnumIs,
    __g::strum::FromRepr,
    __g::strum::IntoStaticStr
)]
pub enum AccountProvider {
    Github,
}
#[derive(
    Clone,
    Debug,
    Copy,
    __g::serde::Serialize,
    __g::serde::Deserialize,
    __g::gel_derive::Queryable,
    __g::strum::AsRefStr,
    __g::strum::Display,
    __g::strum::EnumString,
    __g::strum::EnumIs,
    __g::strum::FromRepr,
    __g::strum::IntoStaticStr
)]
pub enum RelationshipType {
    Follow,
    Block,
    Mute,
}
#[derive(
    Clone,
    Debug,
    Copy,
    __g::serde::Serialize,
    __g::serde::Deserialize,
    __g::gel_derive::Queryable,
    __g::strum::AsRefStr,
    __g::strum::Display,
    __g::strum::EnumString,
    __g::strum::EnumIs,
    __g::strum::FromRepr,
    __g::strum::IntoStaticStr
)]
pub enum Role {
    None,
    Editor,
    Moderator,
    Admin,
    Owner,
}
pub mod additional {
    use super::*;
    #[derive(
        Clone,
        Debug,
        Copy,
        __g::serde::Serialize,
        __g::serde::Deserialize,
        __g::gel_derive::Queryable,
        __g::strum::AsRefStr,
        __g::strum::Display,
        __g::strum::EnumString,
        __g::strum::EnumIs,
        __g::strum::FromRepr,
        __g::strum::IntoStaticStr
    )]
    pub enum Awesomeness {
        Very,
        Somewhat,
        NotReally,
    }
    #[derive(
        Clone,
        Debug,
        Copy,
        __g::serde::Serialize,
        __g::serde::Deserialize,
        __g::gel_derive::Queryable,
        __g::strum::AsRefStr,
        __g::strum::Display,
        __g::strum::EnumString,
        __g::strum::EnumIs,
        __g::strum::FromRepr,
        __g::strum::IntoStaticStr
    )]
    pub enum Smartness {
        #[serde(rename = "low")]
        #[strum(serialize = "low")]
        Low,
        #[serde(rename = "mid")]
        #[strum(serialize = "mid")]
        Mid,
        #[serde(rename = "genius")]
        #[strum(serialize = "genius")]
        Genius,
    }
}
