---
source: crates/gelx_cli/src/main.rs
info:
  program: gelx
  args:
    - generate
    - "--stdout"
---
success: false
exit_code: 1
----- stdout -----

----- stderr -----
Generating code...
Error: Custom("Queries directory not found: /Users/ifiokjr/Developer/projects/gelx/crates/gelx_cli/queries")
